==============================================================================
Parallel Testing                                                              
==============================================================================
suite setup
TC_02 Testing Confirm Alert                                           | PASS |
------------------------------------------------------------------------------
suite teardown
Parallel Testing                                                      | PASS |
1 test, 1 passed, 0 failed
==============================================================================
Output:  D:\RAJA_AUTOMATION\UI_AUTOMATION\Tests\pabot_results\1\output.xml
