==============================================================================
Parallel Testing                                                              
==============================================================================
suite setup
TC_01 Testing Alert                                                   | PASS |
------------------------------------------------------------------------------
suite teardown
Parallel Testing                                                      | PASS |
1 test, 1 passed, 0 failed
==============================================================================
Output:  D:\RAJA_AUTOMATION\UI_AUTOMATION\Tests\pabot_results\0\output.xml
